// Jest Snapshot v1, https://goo.gl/fbAQLP

exports[`ChatBots matches snapshot 1`] = `
<div
  className="pl-4 pr-4 cursor-pointer bg-white hover:bg-indigo-50 dark:bg-slate-700 dark:hover:bg-slate-600"
  data-testid="id1"
  id="chatBot2"
  onClick={[Function]}
>
  <div
    className="pt-4"
  >
    <div>
      <div
        className="flex flex-row justify-between "
      >
        <div
          className="flex flex-row items-center"
        >
          <img
            alt="Business Mann 42"
            className="h-16 w-16 rounded-full"
            src="test-image.jpg"
          />
          <div
            className="ml-4 mr-4 flex-1"
          >
            <h1
              className="text-xl font-bold dark:text-white"
            >
              Test Name
            </h1>
            <h1
              className="text max-h-12 overflow-hidden dark:text-white"
            >
              Test Text
            </h1>
          </div>
        </div>
        <div
          className="flex flex-row items-center"
        >
          <h1
            className="text"
          >
            Test Time
          </h1>
        </div>
      </div>
    </div>
    <div
      className="ml-20 mt-4 -mr-4 h-px bg-slate-300 dark:bg-slate-400"
    />
  </div>
</div>
`;
